static char *pi1_dmesg=
"[    0.000000] Booting Linux on physical CPU 0x0\n"
"[    0.000000] Linux version 4.19.75+ (dom@buildbot) (gcc version 4.9.3 (crosstool-NG crosstool-ng-1.22.0-88-g8460611)) #1270 Tue Sep 24 18:38:54 BST 2019\n"
"[    0.000000] CPU: ARMv6-compatible processor [410fb767] revision 7 (ARMv7), cr=00c5387d\n"
"[    0.000000] CPU: PIPT / VIPT nonaliasing data cache, VIPT nonaliasing instruction cache\n"
"[    0.000000] OF: fdt: Machine model: Raspberry Pi Model B Rev 2\n"
"[    0.000000] Memory policy: Data cache writeback\n"
"[    0.000000] cma: Reserved 8 MiB at 0x1b400000\n"
"[    0.000000] On node 0 totalpages: 114688\n"
"[    0.000000]   Normal zone: 1008 pages used for memmap\n"
"[    0.000000]   Normal zone: 0 pages reserved\n"
"[    0.000000]   Normal zone: 114688 pages, LIFO batch:31\n"
"[    0.000000] random: get_random_bytes called from start_kernel+0x8c/0x49c with crng_init=0\n"
"[    0.000000] pcpu-alloc: s0 r0 d32768 u32768 alloc=1*32768\n"
"[    0.000000] pcpu-alloc: [0] 0 \n"
"[    0.000000] Built 1 zonelists, mobility grouping on.  Total pages: 113680\n"
"[    0.000000] Kernel command line: coherent_pool=1M bcm2708_fb.fbwidth=656 bcm2708_fb.fbheight=416 bcm2708_fb.fbswap=1 vc_mem.mem_base=0x1ec00000 vc_mem.mem_size=0x20000000  dwc_otg.lpm_enable=0 console=ttyAMA0,115200 console=tty1 root=/dev/mmcblk0p2 rootfstype=ext4 elevator=deadline fsck.repair=yes rootwait\n"
"[    0.000000] Dentry cache hash table entries: 65536 (order: 6, 262144 bytes)\n"
"[    0.000000] Inode-cache hash table entries: 32768 (order: 5, 131072 bytes)\n"
"[    0.000000] Memory: 434424K/458752K available (6973K kernel code, 635K rwdata, 2080K rodata, 464K init, 797K bss, 16136K reserved, 8192K cma-reserved)\n"
"[    0.000000] Virtual kernel memory layout:\n"
"    vector  : 0xffff0000 - 0xffff1000   (   4 kB)\n"
"    fixmap  : 0xffc00000 - 0xfff00000   (3072 kB)\n"
"    vmalloc : 0xdc800000 - 0xff800000   ( 560 MB)\n"
"    lowmem  : 0xc0000000 - 0xdc000000   ( 448 MB)\n"
"    modules : 0xbf000000 - 0xc0000000   (  16 MB)\n"
"      .text : 0x(ptrval) - 0x(ptrval)   (6975 kB)\n"
"      .init : 0x(ptrval) - 0x(ptrval)   ( 464 kB)\n"
"      .data : 0x(ptrval) - 0x(ptrval)   ( 636 kB)\n"
"       .bss : 0x(ptrval) - 0x(ptrval)   ( 798 kB)\n"
"[    0.000000] SLUB: HWalign=32, Order=0-3, MinObjects=0, CPUs=1, Nodes=1\n"
"[    0.000000] ftrace: allocating 25197 entries in 74 pages\n"
"[    0.000000] NR_IRQS: 16, nr_irqs: 16, preallocated irqs: 16\n"
"[    0.000031] sched_clock: 32 bits at 1000kHz, resolution 1000ns, wraps every 2147483647500ns\n"
"[    0.000092] clocksource: timer: mask: 0xffffffff max_cycles: 0xffffffff, max_idle_ns: 1911260446275 ns\n"
"[    0.000218] bcm2835: system timer (irq = 27)\n"
"[    0.000636] Console: colour dummy device 80x30\n"
"[    0.001265] console [tty1] enabled\n"
"[    0.001344] Calibrating delay loop... 697.95 BogoMIPS (lpj=3489792)\n"
"[    2.876702] systemd[1]: systemd 215 running in system mode. (+PAM +AUDIT +SELINUX +IMA +SYSVINIT +LIBCRYPTSETUP +GCRYPT +ACL +XZ -SECCOMP -APPARMOR)\n"
"[    2.897313] systemd[1]: Detected architecture 'arm'.\n";
